// Vitest Snapshot v1, https://vitest.dev/guide/snapshot.html

exports[`matches snapshot 1`] = `
<div>
  <div
    class="App"
  >
    <div
      style="background-color: red; width: 5em; height: 2em;"
    />
  </div>
</div>
`;
